src/components/LoadingOverlay.tsx(1,1): error TS6133: 'React' is declared but its value is never read.
src/components/RadarChartComponent.tsx(1,1): error TS6133: 'React' is declared but its value is never read.
src/components/ReasoningPanel.tsx(1,8): error TS6133: 'React' is declared but its value is never read.
src/components/SkillPill.tsx(1,1): error TS6133: 'React' is declared but its value is never read.
src/components/Timeline.tsx(1,8): error TS6133: 'React' is declared but its value is never read.
src/pages/DashboardPage.tsx(1,8): error TS6133: 'React' is declared but its value is never read.
src/pages/UploadPage.tsx(3,33): error TS6133: 'Layout' is declared but its value is never read.
src/pages/UploadPage.tsx(3,41): error TS6133: 'Server' is declared but its value is never read.
src/pages/UploadPage.tsx(3,49): error TS6133: 'Database' is declared but its value is never read.
src/pages/UploadPage.tsx(3,59): error TS6133: 'Code' is declared but its value is never read.
